Γùç injected env (2) from .env // tip: Γùê secrets for agents [www.dotenvx.com]
Generating Fix...
node : Test Error: 
[GoogleGenerativeAI 
Error]: Error fetching 
from https://generativelang
uage.googleapis.com/v1beta/
models/gemini-1.5-flash:gen
erateContent: [404 Not 
Found] 
models/gemini-1.5-flash is 
not found for API version 
v1beta, or is not 
supported for 
generateContent. Call 
ListModels to see the list 
of available models and 
their supported methods.
At line:1 char:1
+ node test2.js > 
error_log.txt 2>&1 ; cat 
error_log.txt
+ ~~~~~~~~~~~~~~~~~~~~~~~~~
~~~~~~~~~
    + CategoryInfo         
     : NotSpecified: (Tes  
  t Error: [Go...ported    
 methods.:String) [], R    
emoteException
    + FullyQualifiedErrorI 
   d : NativeCommandError
 
